// Jest Snapshot v1, https://goo.gl/fbAQLP

exports[`renders without crashing with an empty string 1`] = `
<Fragment>
  <styled.p />
</Fragment>
`;
